  Determining projects to restore...
  All projects are up-to-date for restore.
  Core -> x:\Development\Cine_CSharp_DotNet\src\Core\bin\Debug\net10.0\Core.dll
  Media -> X:\Development\Cine_CSharp_DotNet\src\Media\bin\Debug\net10.0-windows\Media.dll
  App -> x:\Development\Cine_CSharp_DotNet\src\App\bin\Debug\net10.0-windows\App.dll

Build succeeded.
    0 Warning(s)
    0 Error(s)

Time Elapsed 00:00:17.08
