// Validating benchmarks:
// ***** BenchmarkRunner: Start   *****
// ***** Found 8 benchmark(s) in total *****
// ***** Building 1 exe(s) in Parallel: Start   *****
// start dotnet  restore /p:UseSharedCompilation=false /p:BuildInParallel=false /m:1 /p:Deterministic=true /p:Optimize=true /p:IntermediateOutputPath="X:\Development\Cine_CSharp_DotNet\tests\Cine.Benchmarks\bin\Release\net10.0-windows\f27b76f6-2b8f-4d46-a2f9-8172b35fc4d6\obj\Release\net10.0/" /p:OutDir="X:\Development\Cine_CSharp_DotNet\tests\Cine.Benchmarks\bin\Release\net10.0-windows\f27b76f6-2b8f-4d46-a2f9-8172b35fc4d6\bin\Release\net10.0/" /p:OutputPath="X:\Development\Cine_CSharp_DotNet\tests\Cine.Benchmarks\bin\Release\net10.0-windows\f27b76f6-2b8f-4d46-a2f9-8172b35fc4d6\bin\Release\net10.0/" in X:\Development\Cine_CSharp_DotNet\tests\Cine.Benchmarks\bin\Release\net10.0-windows\f27b76f6-2b8f-4d46-a2f9-8172b35fc4d6
// command took 2.49 sec and exited with 1
// ***** Done, took 00:00:02 (2.54 sec)   *****
// Found 8 benchmarks:
//   PlaylistCoordinatorBenchmarks.'Sort 100 items': Job-QJAXHV(InvocationCount=1, UnrollFactor=1)
//   PlaylistCoordinatorBenchmarks.'Sort 1000 items': Job-QJAXHV(InvocationCount=1, UnrollFactor=1)
//   PlaylistCoordinatorBenchmarks.'Sort 10000 items': Job-QJAXHV(InvocationCount=1, UnrollFactor=1)
//   PlaylistCoordinatorBenchmarks.'Shuffle 100 items': Job-QJAXHV(InvocationCount=1, UnrollFactor=1)
//   PlaylistCoordinatorBenchmarks.'Shuffle 10000 items': Job-QJAXHV(InvocationCount=1, UnrollFactor=1)
//   PlaylistCoordinatorBenchmarks.'GetNextIndex 1000 times (100 items, no wrap)': Job-QJAXHV(InvocationCount=1, UnrollFactor=1)
//   PlaylistCoordinatorBenchmarks.'Add 1000 items': Job-QJAXHV(InvocationCount=1, UnrollFactor=1)
//   PlaylistCoordinatorBenchmarks.'Remove 1000 items (from end)': Job-QJAXHV(InvocationCount=1, UnrollFactor=1)

Setup power plan (GUID: 8c5e7fda-e8bf-4a96-9a85-a6e23a8c635c FriendlyName: High performance)
// Build Error: Standard output: 
  
 Standard error: 
   Determining projects to restore...
X:\Development\Cine_CSharp_DotNet\tests\Cine.Benchmarks\bin\Release\net10.0-windows\f27b76f6-2b8f-4d46-a2f9-8172b35fc4d6\BenchmarkDotNet.Autogenerated.csproj : error NU1201: Project Cine.Benchmarks is not compatible with net10.0 (.NETCoreApp,Version=v10.0). Project Cine.Benchmarks supports: net10.0-windows7.0 (.NETCoreApp,Version=v10.0)
  Failed to restore X:\Development\Cine_CSharp_DotNet\tests\Cine.Benchmarks\bin\Release\net10.0-windows\f27b76f6-2b8f-4d46-a2f9-8172b35fc4d6\BenchmarkDotNet.Autogenerated.csproj (in 219 ms).
  4 of 5 projects are up-to-date for restore.

// BenchmarkDotNet has failed to build the auto-generated boilerplate code.
// It can be found in X:\Development\Cine_CSharp_DotNet\tests\Cine.Benchmarks\bin\Release\net10.0-windows\f27b76f6-2b8f-4d46-a2f9-8172b35fc4d6
// Please follow the troubleshooting guide: https://benchmarkdotnet.org/articles/guides/troubleshooting.html

// ** Remained 0 (0.0%) benchmark(s) to run. Estimated finish 2026-06-19 11:03 (0h 0m from now) **
Successfully reverted power plan (GUID: 381b4222-f694-41f0-9685-ff5bb260df2e FriendlyName: Balanced)
// ***** BenchmarkRunner: Finish  *****

// * Export *
  BenchmarkDotNet.Artifacts\results\Cine.Benchmarks.PlaylistCoordinatorBenchmarks-report.csv
  BenchmarkDotNet.Artifacts\results\Cine.Benchmarks.PlaylistCoordinatorBenchmarks-report-github.md
  BenchmarkDotNet.Artifacts\results\Cine.Benchmarks.PlaylistCoordinatorBenchmarks-report.html

// * Detailed results *
PlaylistCoordinatorBenchmarks.'Sort 100 items': Job-QJAXHV(InvocationCount=1, UnrollFactor=1)
Runtime = ; GC = 
There are not any results runs

// * Summary *

BenchmarkDotNet v0.14.0, Windows 11 (10.0.26200.8457)
AMD Ryzen 7 7735HS with Radeon Graphics, 1 CPU, 16 logical and 8 physical cores
.NET SDK 10.0.301
  [Host] : .NET 10.0.9 (10.0.926.27113), X64 RyuJIT AVX2

InvocationCount=1  UnrollFactor=1  

| Method           | Mean | Error |
|----------------- |-----:|------:|
| 'Sort 100 items' |   NA |    NA |

Benchmarks with issues:
  PlaylistCoordinatorBenchmarks.'Sort 100 items': Job-QJAXHV(InvocationCount=1, UnrollFactor=1)

// * Legends *
  Mean  : Arithmetic mean of all measurements
  Error : Half of 99.9% confidence interval
  1 ns  : 1 Nanosecond (0.000000001 sec)

// * Diagnostic Output - MemoryDiagnoser *


// ***** BenchmarkRunner: End *****
Run time: 00:00:00 (0.63 sec), executed benchmarks: 0

Global total time: 00:00:03 (3.22 sec), executed benchmarks: 0
// * Artifacts cleanup *
Artifacts cleanup is finished
