// Validating benchmarks:
// ***** BenchmarkRunner: Start   *****
// ***** Found 4 benchmark(s) in total *****
// ***** Building 1 exe(s) in Parallel: Start   *****
// start dotnet  restore /p:UseSharedCompilation=false /p:BuildInParallel=false /m:1 /p:Deterministic=true /p:Optimize=true /p:IntermediateOutputPath="X:\Development\Cine_CSharp_DotNet\tests\Cine.Benchmarks\bin\Release\net10.0-windows\131d75ed-163c-48be-a801-ae51cc9f57a5\obj\Release\net10.0/" /p:OutDir="X:\Development\Cine_CSharp_DotNet\tests\Cine.Benchmarks\bin\Release\net10.0-windows\131d75ed-163c-48be-a801-ae51cc9f57a5\bin\Release\net10.0/" /p:OutputPath="X:\Development\Cine_CSharp_DotNet\tests\Cine.Benchmarks\bin\Release\net10.0-windows\131d75ed-163c-48be-a801-ae51cc9f57a5\bin\Release\net10.0/" in X:\Development\Cine_CSharp_DotNet\tests\Cine.Benchmarks\bin\Release\net10.0-windows\131d75ed-163c-48be-a801-ae51cc9f57a5
// command took 1.96 sec and exited with 1
// ***** Done, took 00:00:02 (2.12 sec)   *****
// Found 4 benchmarks:
//   PlaybackStateManagerBenchmarks.'1000 PositionChanged events': Job-QJAXHV(InvocationCount=1, UnrollFactor=1)
//   PlaybackStateManagerBenchmarks.'1000 VolumeChanged events': Job-QJAXHV(InvocationCount=1, UnrollFactor=1)
//   PlaybackStateManagerBenchmarks.'1000 PlaybackStateChanged transitions': Job-QJAXHV(InvocationCount=1, UnrollFactor=1)
//   PlaybackStateManagerBenchmarks.'1000 Refresh() calls': Job-QJAXHV(InvocationCount=1, UnrollFactor=1)

Setup power plan (GUID: 8c5e7fda-e8bf-4a96-9a85-a6e23a8c635c FriendlyName: High performance)
// Build Error: Standard output: 
  
 Standard error: 
   Determining projects to restore...
X:\Development\Cine_CSharp_DotNet\tests\Cine.Benchmarks\bin\Release\net10.0-windows\131d75ed-163c-48be-a801-ae51cc9f57a5\BenchmarkDotNet.Autogenerated.csproj : error NU1201: Project Cine.Benchmarks is not compatible with net10.0 (.NETCoreApp,Version=v10.0). Project Cine.Benchmarks supports: net10.0-windows7.0 (.NETCoreApp,Version=v10.0)
  Failed to restore X:\Development\Cine_CSharp_DotNet\tests\Cine.Benchmarks\bin\Release\net10.0-windows\131d75ed-163c-48be-a801-ae51cc9f57a5\BenchmarkDotNet.Autogenerated.csproj (in 163 ms).
  4 of 5 projects are up-to-date for restore.

// BenchmarkDotNet has failed to build the auto-generated boilerplate code.
// It can be found in X:\Development\Cine_CSharp_DotNet\tests\Cine.Benchmarks\bin\Release\net10.0-windows\131d75ed-163c-48be-a801-ae51cc9f57a5
// Please follow the troubleshooting guide: https://benchmarkdotnet.org/articles/guides/troubleshooting.html

// ** Remained 0 (0.0%) benchmark(s) to run. Estimated finish 2026-06-19 11:03 (0h 0m from now) **
Successfully reverted power plan (GUID: 381b4222-f694-41f0-9685-ff5bb260df2e FriendlyName: Balanced)
// ***** BenchmarkRunner: Finish  *****

// * Export *
  BenchmarkDotNet.Artifacts\results\Cine.Benchmarks.PlaybackStateManagerBenchmarks-report.csv
  BenchmarkDotNet.Artifacts\results\Cine.Benchmarks.PlaybackStateManagerBenchmarks-report-github.md
  BenchmarkDotNet.Artifacts\results\Cine.Benchmarks.PlaybackStateManagerBenchmarks-report.html

// * Detailed results *
PlaybackStateManagerBenchmarks.'1000 PositionChanged events': Job-QJAXHV(InvocationCount=1, UnrollFactor=1)
Runtime = ; GC = 
There are not any results runs

// * Summary *

BenchmarkDotNet v0.14.0, Windows 11 (10.0.26200.8457)
AMD Ryzen 7 7735HS with Radeon Graphics, 1 CPU, 16 logical and 8 physical cores
.NET SDK 10.0.301
  [Host] : .NET 10.0.9 (10.0.926.27113), X64 RyuJIT AVX2

InvocationCount=1  UnrollFactor=1  

| Method                        | Mean | Error |
|------------------------------ |-----:|------:|
| '1000 PositionChanged events' |   NA |    NA |

Benchmarks with issues:
  PlaybackStateManagerBenchmarks.'1000 PositionChanged events': Job-QJAXHV(InvocationCount=1, UnrollFactor=1)

// * Legends *
  Mean  : Arithmetic mean of all measurements
  Error : Half of 99.9% confidence interval
  1 ns  : 1 Nanosecond (0.000000001 sec)

// * Diagnostic Output - MemoryDiagnoser *


// ***** BenchmarkRunner: End *****
Run time: 00:00:00 (0.78 sec), executed benchmarks: 0

Global total time: 00:00:04 (4.32 sec), executed benchmarks: 0
// * Artifacts cleanup *
Artifacts cleanup is finished
